
WARNING: apt does not have a stable CLI interface. Use with caution in scripts.

Get:1 http://security.ubuntu.com/ubuntu noble-security InRelease [126 kB]
Hit:2 http://de.archive.ubuntu.com/ubuntu noble InRelease
Get:3 http://de.archive.ubuntu.com/ubuntu noble-updates InRelease [126 kB]
Get:4 http://security.ubuntu.com/ubuntu noble-security/main amd64 Packages [791 kB]
Get:5 http://de.archive.ubuntu.com/ubuntu noble-backports InRelease [126 kB]
Get:6 http://security.ubuntu.com/ubuntu noble-security/main Translation-en [181 kB]
Get:7 http://security.ubuntu.com/ubuntu noble-security/main amd64 Components [44.9 kB]
Get:8 http://security.ubuntu.com/ubuntu noble-security/main amd64 c-n-f Metadata [11.6 kB]
Get:9 http://security.ubuntu.com/ubuntu noble-security/universe amd64 Packages [1,171 kB]
Get:10 http://de.archive.ubuntu.com/ubuntu noble-updates/main amd64 Packages [1,043 kB]
Get:11 http://security.ubuntu.com/ubuntu noble-security/universe Translation-en [230 kB]
Get:12 http://security.ubuntu.com/ubuntu noble-security/universe amd64 Components [76.3 kB]
Get:13 http://security.ubuntu.com/ubuntu noble-security/universe amd64 c-n-f Metadata [24.1 kB]
Get:14 http://de.archive.ubuntu.com/ubuntu noble-updates/main Translation-en [263 kB]
Get:15 http://de.archive.ubuntu.com/ubuntu noble-updates/main amd64 Components [181 kB]
Get:16 http://de.archive.ubuntu.com/ubuntu noble-updates/main amd64 c-n-f Metadata [17.5 kB]
Get:17 http://de.archive.ubuntu.com/ubuntu noble-updates/universe amd64 Packages [1,657 kB]
Get:18 http://de.archive.ubuntu.com/ubuntu noble-updates/universe Translation-en [326 kB]
Get:19 http://de.archive.ubuntu.com/ubuntu noble-updates/universe amd64 Components [388 kB]
Get:20 http://de.archive.ubuntu.com/ubuntu noble-updates/universe amd64 c-n-f Metadata [34.8 kB]
Get:21 http://de.archive.ubuntu.com/ubuntu noble-updates/multiverse amd64 Components [940 B]
Get:22 http://de.archive.ubuntu.com/ubuntu noble-backports/main amd64 Components [5,760 B]
Get:23 http://de.archive.ubuntu.com/ubuntu noble-backports/universe amd64 Components [10.5 kB]
Fetched 6,836 kB in 7s (949 kB/s)
Reading package lists...
Building dependency tree...
Reading state information...
34 packages can be upgraded. Run 'apt list --upgradable' to see them.

WARNING: apt does not have a stable CLI interface. Use with caution in scripts.

Reading package lists...
Building dependency tree...
Reading state information...
git is already the newest version (1:2.43.0-1ubuntu7.3).
python3 is already the newest version (3.12.3-0ubuntu2.1).
python3-pip is already the newest version (24.0+dfsg-1ubuntu1.3).
python3-venv is already the newest version (3.12.3-0ubuntu2.1).
curl is already the newest version (8.5.0-2ubuntu10.9).
0 upgraded, 0 newly installed, 0 to remove and 34 not upgraded.

WARNING: apt does not have a stable CLI interface. Use with caution in scripts.

Reading package lists...
Building dependency tree...
Reading state information...
postgresql is already the newest version (16+257build1.1).
0 upgraded, 0 newly installed, 0 to remove and 34 not upgraded.

WARNING: apt does not have a stable CLI interface. Use with caution in scripts.

Reading package lists...
Building dependency tree...
Reading state information...
postgresql-client-common is already the newest version (257build1.1).
0 upgraded, 0 newly installed, 0 to remove and 34 not upgraded.
Cloning into '/tmp/pixelwise-model'...
Note: switching to '7b54a7ea2b373416930609aad69a5d4bd33810de'.

You are in 'detached HEAD' state. You can look around, make experimental
changes and commit them, and you can discard any commits you make in this
state without impacting any branches by switching back to a branch.

If you want to create a new branch to retain commits you create, you may
do so (now or later) by using -c with the switch command. Example:

  git switch -c <new-branch-name>

Or undo this operation with:

  git switch -

Turn off this advice by setting config variable advice.detachedHead to false

● pixelwise.service - PixelWise API
     Loaded: loaded (/etc/systemd/system/pixelwise.service; enabled; preset: enabled)
     Active: active (running) since Tue 2026-06-30 16:23:42 UTC; 36ms ago
   Main PID: 28899 (uvicorn)
      Tasks: 1 (limit: 2263)
     Memory: 2.8M (peak: 2.9M)
        CPU: 22ms
     CGroup: /system.slice/pixelwise.service
             └─28899 /opt/pixelwise/.venv/bin/python3 /opt/pixelwise/.venv/bin/uvicorn app.main:app --host 0.0.0.0 --port 8000

Jun 30 16:23:42 prod systemd[1]: Started pixelwise.service - PixelWise API.
Requirement already satisfied: alembic==1.18.4 in ./.venv/lib/python3.12/site-packages (from -r /opt/pixelwise/requirements.txt (line 1)) (1.18.4)
Requirement already satisfied: annotated-doc==0.0.4 in ./.venv/lib/python3.12/site-packages (from -r /opt/pixelwise/requirements.txt (line 2)) (0.0.4)
Requirement already satisfied: annotated-types==0.7.0 in ./.venv/lib/python3.12/site-packages (from -r /opt/pixelwise/requirements.txt (line 3)) (0.7.0)
Requirement already satisfied: anyio==4.13.0 in ./.venv/lib/python3.12/site-packages (from -r /opt/pixelwise/requirements.txt (line 4)) (4.13.0)
Requirement already satisfied: boolean.py==5.0 in ./.venv/lib/python3.12/site-packages (from -r /opt/pixelwise/requirements.txt (line 5)) (5.0)
Requirement already satisfied: CacheControl==0.14.4 in ./.venv/lib/python3.12/site-packages (from -r /opt/pixelwise/requirements.txt (line 6)) (0.14.4)
Requirement already satisfied: certifi==2026.5.20 in ./.venv/lib/python3.12/site-packages (from -r /opt/pixelwise/requirements.txt (line 7)) (2026.5.20)
Requirement already satisfied: charset-normalizer==3.4.7 in ./.venv/lib/python3.12/site-packages (from -r /opt/pixelwise/requirements.txt (line 8)) (3.4.7)
Requirement already satisfied: click==8.4.1 in ./.venv/lib/python3.12/site-packages (from -r /opt/pixelwise/requirements.txt (line 9)) (8.4.1)
Requirement already satisfied: cyclonedx-python-lib==11.7.0 in ./.venv/lib/python3.12/site-packages (from -r /opt/pixelwise/requirements.txt (line 10)) (11.7.0)
Requirement already satisfied: defusedxml==0.7.1 in ./.venv/lib/python3.12/site-packages (from -r /opt/pixelwise/requirements.txt (line 11)) (0.7.1)
Requirement already satisfied: Deprecated==1.3.1 in ./.venv/lib/python3.12/site-packages (from -r /opt/pixelwise/requirements.txt (line 12)) (1.3.1)
Requirement already satisfied: fastapi==0.136.3 in ./.venv/lib/python3.12/site-packages (from -r /opt/pixelwise/requirements.txt (line 13)) (0.136.3)
Requirement already satisfied: filelock==3.29.0 in ./.venv/lib/python3.12/site-packages (from -r /opt/pixelwise/requirements.txt (line 14)) (3.29.0)
Requirement already satisfied: greenlet==3.5.1 in ./.venv/lib/python3.12/site-packages (from -r /opt/pixelwise/requirements.txt (line 15)) (3.5.1)
Requirement already satisfied: h11==0.16.0 in ./.venv/lib/python3.12/site-packages (from -r /opt/pixelwise/requirements.txt (line 16)) (0.16.0)
Requirement already satisfied: httptools==0.8.0 in ./.venv/lib/python3.12/site-packages (from -r /opt/pixelwise/requirements.txt (line 17)) (0.8.0)
Requirement already satisfied: idna==3.17 in ./.venv/lib/python3.12/site-packages (from -r /opt/pixelwise/requirements.txt (line 18)) (3.17)
Requirement already satisfied: iniconfig==2.3.0 in ./.venv/lib/python3.12/site-packages (from -r /opt/pixelwise/requirements.txt (line 19)) (2.3.0)
Requirement already satisfied: joblib==1.5.3 in ./.venv/lib/python3.12/site-packages (from -r /opt/pixelwise/requirements.txt (line 20)) (1.5.3)
Requirement already satisfied: license-expression==30.4.4 in ./.venv/lib/python3.12/site-packages (from -r /opt/pixelwise/requirements.txt (line 21)) (30.4.4)
Requirement already satisfied: limits==5.8.0 in ./.venv/lib/python3.12/site-packages (from -r /opt/pixelwise/requirements.txt (line 22)) (5.8.0)
Requirement already satisfied: Mako==1.3.12 in ./.venv/lib/python3.12/site-packages (from -r /opt/pixelwise/requirements.txt (line 23)) (1.3.12)
Requirement already satisfied: markdown-it-py==4.2.0 in ./.venv/lib/python3.12/site-packages (from -r /opt/pixelwise/requirements.txt (line 24)) (4.2.0)
Requirement already satisfied: MarkupSafe==3.0.3 in ./.venv/lib/python3.12/site-packages (from -r /opt/pixelwise/requirements.txt (line 25)) (3.0.3)
Requirement already satisfied: mdurl==0.1.2 in ./.venv/lib/python3.12/site-packages (from -r /opt/pixelwise/requirements.txt (line 26)) (0.1.2)
Requirement already satisfied: msgpack==1.1.2 in ./.venv/lib/python3.12/site-packages (from -r /opt/pixelwise/requirements.txt (line 27)) (1.1.2)
Requirement already satisfied: narwhals==2.22.0 in ./.venv/lib/python3.12/site-packages (from -r /opt/pixelwise/requirements.txt (line 28)) (2.22.0)
Requirement already satisfied: numpy==2.4.6 in ./.venv/lib/python3.12/site-packages (from -r /opt/pixelwise/requirements.txt (line 29)) (2.4.6)
Requirement already satisfied: packageurl-python==0.17.6 in ./.venv/lib/python3.12/site-packages (from -r /opt/pixelwise/requirements.txt (line 30)) (0.17.6)
Requirement already satisfied: packaging==26.2 in ./.venv/lib/python3.12/site-packages (from -r /opt/pixelwise/requirements.txt (line 31)) (26.2)
Requirement already satisfied: pip-api==0.0.34 in ./.venv/lib/python3.12/site-packages (from -r /opt/pixelwise/requirements.txt (line 32)) (0.0.34)
Requirement already satisfied: pip-requirements-parser==32.0.1 in ./.venv/lib/python3.12/site-packages (from -r /opt/pixelwise/requirements.txt (line 33)) (32.0.1)
Requirement already satisfied: pip_audit==2.10.0 in ./.venv/lib/python3.12/site-packages (from -r /opt/pixelwise/requirements.txt (line 34)) (2.10.0)
Requirement already satisfied: platformdirs==4.10.0 in ./.venv/lib/python3.12/site-packages (from -r /opt/pixelwise/requirements.txt (line 35)) (4.10.0)
Requirement already satisfied: pluggy==1.6.0 in ./.venv/lib/python3.12/site-packages (from -r /opt/pixelwise/requirements.txt (line 36)) (1.6.0)
Requirement already satisfied: psycopg2-binary==2.9.12 in ./.venv/lib/python3.12/site-packages (from -r /opt/pixelwise/requirements.txt (line 37)) (2.9.12)
Requirement already satisfied: py-serializable==2.1.0 in ./.venv/lib/python3.12/site-packages (from -r /opt/pixelwise/requirements.txt (line 38)) (2.1.0)
Requirement already satisfied: pydantic==2.13.4 in ./.venv/lib/python3.12/site-packages (from -r /opt/pixelwise/requirements.txt (line 39)) (2.13.4)
Requirement already satisfied: pydantic_core==2.46.4 in ./.venv/lib/python3.12/site-packages (from -r /opt/pixelwise/requirements.txt (line 40)) (2.46.4)
Requirement already satisfied: Pygments==2.20.0 in ./.venv/lib/python3.12/site-packages (from -r /opt/pixelwise/requirements.txt (line 41)) (2.20.0)
Requirement already satisfied: pyparsing==3.3.2 in ./.venv/lib/python3.12/site-packages (from -r /opt/pixelwise/requirements.txt (line 42)) (3.3.2)
Requirement already satisfied: pytest==9.1.0 in ./.venv/lib/python3.12/site-packages (from -r /opt/pixelwise/requirements.txt (line 43)) (9.1.0)
Requirement already satisfied: python-dotenv==1.2.2 in ./.venv/lib/python3.12/site-packages (from -r /opt/pixelwise/requirements.txt (line 44)) (1.2.2)
Requirement already satisfied: PyYAML==6.0.3 in ./.venv/lib/python3.12/site-packages (from -r /opt/pixelwise/requirements.txt (line 45)) (6.0.3)
Requirement already satisfied: requests==2.34.2 in ./.venv/lib/python3.12/site-packages (from -r /opt/pixelwise/requirements.txt (line 46)) (2.34.2)
Requirement already satisfied: rich==15.0.0 in ./.venv/lib/python3.12/site-packages (from -r /opt/pixelwise/requirements.txt (line 47)) (15.0.0)
Requirement already satisfied: scikit-learn==1.9.0 in ./.venv/lib/python3.12/site-packages (from -r /opt/pixelwise/requirements.txt (line 48)) (1.9.0)
Requirement already satisfied: scipy==1.17.1 in ./.venv/lib/python3.12/site-packages (from -r /opt/pixelwise/requirements.txt (line 49)) (1.17.1)
Requirement already satisfied: slowapi==0.1.9 in ./.venv/lib/python3.12/site-packages (from -r /opt/pixelwise/requirements.txt (line 50)) (0.1.9)
Requirement already satisfied: sortedcontainers==2.4.0 in ./.venv/lib/python3.12/site-packages (from -r /opt/pixelwise/requirements.txt (line 51)) (2.4.0)
Requirement already satisfied: SQLAlchemy==2.0.50 in ./.venv/lib/python3.12/site-packages (from -r /opt/pixelwise/requirements.txt (line 52)) (2.0.50)
Requirement already satisfied: starlette==1.2.1 in ./.venv/lib/python3.12/site-packages (from -r /opt/pixelwise/requirements.txt (line 53)) (1.2.1)
Requirement already satisfied: threadpoolctl==3.6.0 in ./.venv/lib/python3.12/site-packages (from -r /opt/pixelwise/requirements.txt (line 54)) (3.6.0)
Requirement already satisfied: tomli==2.4.1 in ./.venv/lib/python3.12/site-packages (from -r /opt/pixelwise/requirements.txt (line 55)) (2.4.1)
Requirement already satisfied: tomli_w==1.2.0 in ./.venv/lib/python3.12/site-packages (from -r /opt/pixelwise/requirements.txt (line 56)) (1.2.0)
Requirement already satisfied: typing-inspection==0.4.2 in ./.venv/lib/python3.12/site-packages (from -r /opt/pixelwise/requirements.txt (line 57)) (0.4.2)
Requirement already satisfied: typing_extensions==4.15.0 in ./.venv/lib/python3.12/site-packages (from -r /opt/pixelwise/requirements.txt (line 58)) (4.15.0)
Requirement already satisfied: urllib3==2.7.0 in ./.venv/lib/python3.12/site-packages (from -r /opt/pixelwise/requirements.txt (line 59)) (2.7.0)
Requirement already satisfied: uvicorn==0.48.0 in ./.venv/lib/python3.12/site-packages (from -r /opt/pixelwise/requirements.txt (line 60)) (0.48.0)
Requirement already satisfied: uvloop==0.22.1 in ./.venv/lib/python3.12/site-packages (from -r /opt/pixelwise/requirements.txt (line 61)) (0.22.1)
Requirement already satisfied: watchfiles==1.2.0 in ./.venv/lib/python3.12/site-packages (from -r /opt/pixelwise/requirements.txt (line 62)) (1.2.0)
Requirement already satisfied: websockets==16.0 in ./.venv/lib/python3.12/site-packages (from -r /opt/pixelwise/requirements.txt (line 63)) (16.0)
Requirement already satisfied: wrapt==2.2.1 in ./.venv/lib/python3.12/site-packages (from -r /opt/pixelwise/requirements.txt (line 64)) (2.2.1)
Requirement already satisfied: pip in ./.venv/lib/python3.12/site-packages (from pip-api==0.0.34->-r /opt/pixelwise/requirements.txt (line 32)) (24.0)
nginx: the configuration file /etc/nginx/nginx.conf syntax is ok
nginx: configuration file /etc/nginx/nginx.conf test is successful
